[INFO] Scanning for projects...
[INFO] 
[INFO] --------------------< com.workflow:workflow-engine >--------------------
[INFO] Building Workflow Engine Platform 0.0.1-SNAPSHOT
[INFO]   from pom.xml
[INFO] --------------------------------[ jar ]---------------------------------
[INFO] 
[INFO] --- clean:3.4.0:clean (default-clean) @ workflow-engine ---
[INFO] Deleting D:\Workflow Engine Platform\backend\target
[INFO] 
[INFO] --- resources:3.3.1:resources (default-resources) @ workflow-engine ---
[INFO] Copying 1 resource from src\main\resources to target\classes
[INFO] Copying 20 resources from src\main\resources to target\classes
[INFO] 
[INFO] --- compiler:3.13.0:compile (default-compile) @ workflow-engine ---
[INFO] Recompiling the module because of changed source code.
[INFO] Compiling 129 source files with javac [debug parameters release 17] to target\classes
[INFO] /D:/Workflow Engine Platform/backend/src/main/java/com/workflow/engine/analytics/entity/TaskStateHistory.java: D:\Workflow Engine Platform\backend\src\main\java\com\workflow\engine\analytics\entity\TaskStateHistory.java uses or overrides a deprecated API.
[INFO] /D:/Workflow Engine Platform/backend/src/main/java/com/workflow/engine/analytics/entity/TaskStateHistory.java: Recompile with -Xlint:deprecation for details.
[INFO] -------------------------------------------------------------
[ERROR] COMPILATION ERROR : 
[INFO] -------------------------------------------------------------
[ERROR] /D:/Workflow Engine Platform/backend/src/main/java/com/workflow/engine/analytics/controller/AnalyticsController.java:[28,70] cannot find symbol
  symbol:   variable Role
  location: class com.workflow.engine.analytics.controller.AnalyticsController
[ERROR] /D:/Workflow Engine Platform/backend/src/main/java/com/workflow/engine/analytics/controller/AnalyticsController.java:[29,50] cannot find symbol
  symbol:   method getWorkspaceAnalytics(java.util.UUID,int)
  location: variable analyticsService of type com.workflow.engine.analytics.service.AnalyticsService
[ERROR] /D:/Workflow Engine Platform/backend/src/main/java/com/workflow/engine/analytics/controller/AnalyticsController.java:[38,70] cannot find symbol
  symbol:   variable Role
  location: class com.workflow.engine.analytics.controller.AnalyticsController
[ERROR] /D:/Workflow Engine Platform/backend/src/main/java/com/workflow/engine/approval/controller/ApprovalController.java:[28,73] cannot find symbol
  symbol:   variable Role
  location: class com.workflow.engine.approval.controller.ApprovalController
[ERROR] /D:/Workflow Engine Platform/backend/src/main/java/com/workflow/engine/approval/controller/ApprovalController.java:[39,73] cannot find symbol
  symbol:   variable Role
  location: class com.workflow.engine.approval.controller.ApprovalController
[ERROR] /D:/Workflow Engine Platform/backend/src/main/java/com/workflow/engine/approval/service/ApprovalService.java:[39,67] cannot find symbol
  symbol:   variable Role
  location: class com.workflow.engine.approval.service.ApprovalService
[ERROR] /D:/Workflow Engine Platform/backend/src/main/java/com/workflow/engine/approval/service/ApprovalService.java:[63,102] cannot find symbol
  symbol:   variable Role
  location: class com.workflow.engine.approval.service.ApprovalService
[ERROR] /D:/Workflow Engine Platform/backend/src/main/java/com/workflow/engine/approval/service/ApprovalService.java:[84,84] cannot find symbol
  symbol:   variable Role
  location: class com.workflow.engine.approval.service.ApprovalService
[ERROR] /D:/Workflow Engine Platform/backend/src/main/java/com/workflow/engine/audit/controller/AuditController.java:[32,77] cannot find symbol
  symbol:   variable Role
  location: class com.workflow.engine.audit.controller.AuditController
[ERROR] /D:/Workflow Engine Platform/backend/src/main/java/com/workflow/engine/audit/service/AuditService.java:[32,17] cannot find symbol
  symbol:   method workspaceId(java.util.UUID)
  location: class com.workflow.engine.audit.entity.AuditLog.AuditLogBuilder
[ERROR] /D:/Workflow Engine Platform/backend/src/main/java/com/workflow/engine/audit/service/AuditService.java:[39,34] cannot find symbol
  symbol:   method findByWorkspaceIdOrderByCreatedAtDesc(java.util.UUID,org.springframework.data.domain.PageRequest)
  location: variable auditLogRepository of type com.workflow.engine.audit.repository.AuditLogRepository
[ERROR] /D:/Workflow Engine Platform/backend/src/main/java/com/workflow/engine/workflow/service/WorkflowService.java:[154,97] cannot find symbol
  symbol:   variable VIEWER
  location: class com.workflow.engine.rbac.entity.OrganizationRole
[ERROR] /D:/Workflow Engine Platform/backend/src/main/java/com/workflow/engine/workflow/service/WorkflowService.java:[159,83] cannot find symbol
  symbol:   variable VIEWER
  location: class com.workflow.engine.rbac.entity.OrganizationRole
[ERROR] /D:/Workflow Engine Platform/backend/src/main/java/com/workflow/engine/workflow/controller/WorkflowController.java:[36,49] cannot find symbol
  symbol:   method listByWorkspace(java.util.UUID,java.util.UUID)
  location: variable workflowService of type com.workflow.engine.workflow.service.WorkflowService
[INFO] 14 errors 
[INFO] -------------------------------------------------------------
[INFO] ------------------------------------------------------------------------
[INFO] BUILD FAILURE
[INFO] ------------------------------------------------------------------------
[INFO] Total time:  18.023 s
[INFO] Finished at: 2026-02-16T20:45:28+05:30
[INFO] ------------------------------------------------------------------------
[ERROR] Failed to execute goal org.apache.maven.plugins:maven-compiler-plugin:3.13.0:compile (default-compile) on project workflow-engine: Compilation failure: Compilation failure: 
[ERROR] /D:/Workflow Engine Platform/backend/src/main/java/com/workflow/engine/analytics/controller/AnalyticsController.java:[28,70] cannot find symbol
[ERROR]   symbol:   variable Role
[ERROR]   location: class com.workflow.engine.analytics.controller.AnalyticsController
[ERROR] /D:/Workflow Engine Platform/backend/src/main/java/com/workflow/engine/analytics/controller/AnalyticsController.java:[29,50] cannot find symbol
[ERROR]   symbol:   method getWorkspaceAnalytics(java.util.UUID,int)
[ERROR]   location: variable analyticsService of type com.workflow.engine.analytics.service.AnalyticsService
[ERROR] /D:/Workflow Engine Platform/backend/src/main/java/com/workflow/engine/analytics/controller/AnalyticsController.java:[38,70] cannot find symbol
[ERROR]   symbol:   variable Role
[ERROR]   location: class com.workflow.engine.analytics.controller.AnalyticsController
[ERROR] /D:/Workflow Engine Platform/backend/src/main/java/com/workflow/engine/approval/controller/ApprovalController.java:[28,73] cannot find symbol
[ERROR]   symbol:   variable Role
[ERROR]   location: class com.workflow.engine.approval.controller.ApprovalController
[ERROR] /D:/Workflow Engine Platform/backend/src/main/java/com/workflow/engine/approval/controller/ApprovalController.java:[39,73] cannot find symbol
[ERROR]   symbol:   variable Role
[ERROR]   location: class com.workflow.engine.approval.controller.ApprovalController
[ERROR] /D:/Workflow Engine Platform/backend/src/main/java/com/workflow/engine/approval/service/ApprovalService.java:[39,67] cannot find symbol
[ERROR]   symbol:   variable Role
[ERROR]   location: class com.workflow.engine.approval.service.ApprovalService
[ERROR] /D:/Workflow Engine Platform/backend/src/main/java/com/workflow/engine/approval/service/ApprovalService.java:[63,102] cannot find symbol
[ERROR]   symbol:   variable Role
[ERROR]   location: class com.workflow.engine.approval.service.ApprovalService
[ERROR] /D:/Workflow Engine Platform/backend/src/main/java/com/workflow/engine/approval/service/ApprovalService.java:[84,84] cannot find symbol
[ERROR]   symbol:   variable Role
[ERROR]   location: class com.workflow.engine.approval.service.ApprovalService
[ERROR] /D:/Workflow Engine Platform/backend/src/main/java/com/workflow/engine/audit/controller/AuditController.java:[32,77] cannot find symbol
[ERROR]   symbol:   variable Role
[ERROR]   location: class com.workflow.engine.audit.controller.AuditController
[ERROR] /D:/Workflow Engine Platform/backend/src/main/java/com/workflow/engine/audit/service/AuditService.java:[32,17] cannot find symbol
[ERROR]   symbol:   method workspaceId(java.util.UUID)
[ERROR]   location: class com.workflow.engine.audit.entity.AuditLog.AuditLogBuilder
[ERROR] /D:/Workflow Engine Platform/backend/src/main/java/com/workflow/engine/audit/service/AuditService.java:[39,34] cannot find symbol
[ERROR]   symbol:   method findByWorkspaceIdOrderByCreatedAtDesc(java.util.UUID,org.springframework.data.domain.PageRequest)
[ERROR]   location: variable auditLogRepository of type com.workflow.engine.audit.repository.AuditLogRepository
[ERROR] /D:/Workflow Engine Platform/backend/src/main/java/com/workflow/engine/workflow/service/WorkflowService.java:[154,97] cannot find symbol
[ERROR]   symbol:   variable VIEWER
[ERROR]   location: class com.workflow.engine.rbac.entity.OrganizationRole
[ERROR] /D:/Workflow Engine Platform/backend/src/main/java/com/workflow/engine/workflow/service/WorkflowService.java:[159,83] cannot find symbol
[ERROR]   symbol:   variable VIEWER
[ERROR]   location: class com.workflow.engine.rbac.entity.OrganizationRole
[ERROR] /D:/Workflow Engine Platform/backend/src/main/java/com/workflow/engine/workflow/controller/WorkflowController.java:[36,49] cannot find symbol
[ERROR]   symbol:   method listByWorkspace(java.util.UUID,java.util.UUID)
[ERROR]   location: variable workflowService of type com.workflow.engine.workflow.service.WorkflowService
[ERROR] -> [Help 1]
[ERROR] 
[ERROR] To see the full stack trace of the errors, re-run Maven with the -e switch.
[ERROR] Re-run Maven using the -X switch to enable full debug logging.
[ERROR] 
[ERROR] For more information about the errors and possible solutions, please read the following articles:
[ERROR] [Help 1] http://cwiki.apache.org/confluence/display/MAVEN/MojoFailureException
