[INFO] Scanning for projects...
[INFO] 
[INFO] --------------------< com.workflow:workflow-engine >--------------------
[INFO] Building Workflow Engine Platform 0.0.1-SNAPSHOT
[INFO]   from pom.xml
[INFO] --------------------------------[ jar ]---------------------------------
[INFO] 
[INFO] --- resources:3.3.1:resources (default-resources) @ workflow-engine ---
[INFO] Copying 1 resource from src\main\resources to target\classes
[INFO] Copying 30 resources from src\main\resources to target\classes
[INFO] 
[INFO] --- compiler:3.13.0:compile (default-compile) @ workflow-engine ---
[INFO] Nothing to compile - all classes are up to date.
[INFO] 
[INFO] --- resources:3.3.1:testResources (default-testResources) @ workflow-engine ---
[INFO] skip non existing resourceDirectory D:\Workflow Engine Platform\backend\src\test\resources
[INFO] 
[INFO] --- compiler:3.13.0:testCompile (default-testCompile) @ workflow-engine ---
[INFO] Nothing to compile - all classes are up to date.
[INFO] 
[INFO] --- surefire:3.5.2:test (default-test) @ workflow-engine ---
[INFO] Using auto detected provider org.apache.maven.surefire.junitplatform.JUnitPlatformProvider
[INFO] 
[INFO] -------------------------------------------------------
[INFO]  T E S T S
[INFO] -------------------------------------------------------
[INFO] Running com.workflow.engine.task.service.TaskServiceTest
[ERROR] Tests run: 3, Failures: 1, Errors: 0, Skipped: 0, Time elapsed: 5.511 s <<< FAILURE! -- in com.workflow.engine.task.service.TaskServiceTest
[ERROR] com.workflow.engine.task.service.TaskServiceTest.toggleBlock_ShouldBlockTask_WhenNotBlocked -- Time elapsed: 0.076 s <<< FAILURE!
Wanted but not invoked:
permissionService.checkPermission(
    85fabbaa-071b-4b55-bc29-7bada104c463,
    692516a6-8acf-4fe1-9b18-28ed6e1594f0,
    MEMBER
);
-> at com.workflow.engine.rbac.service.PermissionService.checkPermission(PermissionService.java:41)
Actually, there were zero interactions with this mock.

	at com.workflow.engine.rbac.service.PermissionService.checkPermission(PermissionService.java:41)
	at com.workflow.engine.task.service.TaskServiceTest.toggleBlock_ShouldBlockTask_WhenNotBlocked(TaskServiceTest.java:158)
	at java.base/java.lang.reflect.Method.invoke(Method.java:568)
	at java.base/java.util.ArrayList.forEach(ArrayList.java:1511)
	at java.base/java.util.ArrayList.forEach(ArrayList.java:1511)

[INFO] 
[INFO] Results:
[INFO] 
[ERROR] Failures: 
[ERROR]   TaskServiceTest.toggleBlock_ShouldBlockTask_WhenNotBlocked:158 
Wanted but not invoked:
permissionService.checkPermission(
    85fabbaa-071b-4b55-bc29-7bada104c463,
    692516a6-8acf-4fe1-9b18-28ed6e1594f0,
    MEMBER
);
-> at com.workflow.engine.rbac.service.PermissionService.checkPermission(PermissionService.java:41)
Actually, there were zero interactions with this mock.

[INFO] 
[ERROR] Tests run: 3, Failures: 1, Errors: 0, Skipped: 0
[INFO] 
[INFO] ------------------------------------------------------------------------
[INFO] BUILD FAILURE
[INFO] ------------------------------------------------------------------------
[INFO] Total time:  11.196 s
[INFO] Finished at: 2026-02-20T00:10:14+05:30
[INFO] ------------------------------------------------------------------------
[ERROR] Failed to execute goal org.apache.maven.plugins:maven-surefire-plugin:3.5.2:test (default-test) on project workflow-engine: There are test failures.
[ERROR] 
[ERROR] See D:\Workflow Engine Platform\backend\target\surefire-reports for the individual test results.
[ERROR] See dump files (if any exist) [date].dump, [date]-jvmRun[N].dump and [date].dumpstream.
[ERROR] -> [Help 1]
[ERROR] 
[ERROR] To see the full stack trace of the errors, re-run Maven with the -e switch.
[ERROR] Re-run Maven using the -X switch to enable full debug logging.
[ERROR] 
[ERROR] For more information about the errors and possible solutions, please read the following articles:
[ERROR] [Help 1] http://cwiki.apache.org/confluence/display/MAVEN/MojoFailureException
